// Jest Snapshot v1, https://goo.gl/fbAQLP

exports[`HouseCard should match the snapshot 1`] = `undefined`;
